******************************************************************************
             TMS320C2000 Linker Unix v22.6.1                   
******************************************************************************
>> Linked Wed Jul 31 21:14:28 2024

OUTPUT FILE NAME:   <Double_AC_Voltage_Controllers.out>
ENTRY POINT SYMBOL: "_c_int00"  address: 003f568e


MEMORY CONFIGURATION

         name            origin    length      used     unused   attr    fill
----------------------  --------  ---------  --------  --------  ----  --------
PAGE 0:
  RAML0                 00008000   00000800  00000190  00000670  RWIX
  RAML1                 00008800   00000400  00000000  00000400  RWIX
  OTP                   003d7800   00000400  00000000  00000400  RWIX
  FLASHH                003d8000   00004000  00000000  00004000  RWIX
  FLASHG                003dc000   00004000  00000000  00004000  RWIX
  FLASHF                003e0000   00004000  00000000  00004000  RWIX
  FLASHE                003e4000   00004000  00000000  00004000  RWIX
  FLASHD                003e8000   00004000  00000190  00003e70  RWIX
  FLASHC                003ec000   00004000  00000000  00004000  RWIX
  FLASHA                003f4000   00003f80  00002289  00001cf7  RWIX
  CSM_RSVD              003f7f80   00000076  00000000  00000076  RWIX
  BEGIN                 003f7ff6   00000002  00000002  00000000  RWIX
  CSM_PWL_P0            003f7ff8   00000008  00000000  00000008  RWIX
  FPUTABLES             003fd860   000006a0  00000000  000006a0  RWIX
  IQTABLES              003fdf00   00000b50  00000000  00000b50  RWIX
  IQTABLES2             003fea50   0000008c  00000000  0000008c  RWIX
  IQTABLES3             003feadc   000000aa  00000000  000000aa  RWIX
  ROM                   003ff3b0   00000c10  00000000  00000c10  RWIX
  RESET                 003fffc0   00000002  00000000  00000002  RWIX
  VECTORS               003fffc2   0000003e  00000000  0000003e  RWIX

PAGE 1:
  BOOT_RSVD             00000000   00000050  00000000  00000050  RWIX
  RAMM0                 00000050   000003b0  00000300  000000b0  RWIX
  RAMM1                 00000400   00000400  00000000  00000400  RWIX
  DEV_EMU               00000880   00000105  00000004  00000101  RWIX
  SYS_PWR_CTL           00000985   00000003  00000003  00000000  RWIX
  FLASH_REGS            00000a80   00000060  00000008  00000058  RWIX
  CSM                   00000ae0   00000020  00000010  00000010  RWIX
  ADC_RESULT            00000b00   00000020  00000010  00000010  RWIX
  CPU_TIMER0            00000c00   00000008  00000008  00000000  RWIX
  CPU_TIMER1            00000c08   00000008  00000008  00000000  RWIX
  CPU_TIMER2            00000c10   00000008  00000008  00000000  RWIX
  PIE_CTRL              00000ce0   00000020  0000001a  00000006  RWIX
  PIE_VECT              00000d00   00000100  00000100  00000000  RWIX
  DMA                   00001000   00000200  000000e0  00000120  RWIX
  CLA1                  00001400   00000080  00000040  00000040  RWIX
  USB0                  00004000   00001000  00000454  00000bac  RWIX
  McBSPA                00005000   00000040  00000024  0000001c  RWIX
  ECANA                 00006000   00000040  00000034  0000000c  RWIX
  ECANA_LAM             00006040   00000040  00000040  00000000  RWIX
  ECANA_MOTS            00006080   00000040  00000040  00000000  RWIX
  ECANA_MOTO            000060c0   00000040  00000040  00000000  RWIX
  ECANA_MBOX            00006100   00000100  00000100  00000000  RWIX
  COMP1                 00006400   00000020  00000014  0000000c  RWIX
  COMP2                 00006420   00000020  00000014  0000000c  RWIX
  COMP3                 00006440   00000020  00000014  0000000c  RWIX
  EPWM1                 00006800   00000040  00000040  00000000  RWIX
  EPWM2                 00006840   00000040  00000040  00000000  RWIX
  EPWM3                 00006880   00000040  00000040  00000000  RWIX
  EPWM4                 000068c0   00000040  00000040  00000000  RWIX
  EPWM5                 00006900   00000040  00000040  00000000  RWIX
  EPWM6                 00006940   00000040  00000040  00000000  RWIX
  EPWM7                 00006980   00000040  00000040  00000000  RWIX
  EPWM8                 000069c0   00000040  00000040  00000000  RWIX
  ECAP1                 00006a00   00000020  00000020  00000000  RWIX
  ECAP2                 00006a20   00000020  00000020  00000000  RWIX
  ECAP3                 00006a40   00000020  00000020  00000000  RWIX
  HRCAP1                00006ac0   00000020  00000020  00000000  RWIX
  HRCAP2                00006ae0   00000020  00000020  00000000  RWIX
  EQEP1                 00006b00   00000040  00000022  0000001e  RWIX
  EQEP2                 00006b40   00000040  00000022  0000001e  RWIX
  HRCAP3                00006c80   00000020  00000020  00000000  RWIX
  HRCAP4                00006ca0   00000020  00000020  00000000  RWIX
  GPIOCTRL              00006f80   00000040  00000040  00000000  RWIX
  GPIODAT               00006fc0   00000020  00000020  00000000  RWIX
  GPIOINT               00006fe0   00000020  00000020  00000000  RWIX
  SYSTEM                00007010   00000030  00000030  00000000  RWIX
  SPIA                  00007040   00000010  00000010  00000000  RWIX
  SCIA                  00007050   00000010  00000010  00000000  RWIX
  NMIINTRUPT            00007060   00000010  00000010  00000000  RWIX
  XINTRUPT              00007070   00000010  00000010  00000000  RWIX
  ADC                   00007100   00000080  00000050  00000030  RWIX
  SPIB                  00007740   00000010  00000010  00000000  RWIX
  SCIB                  00007750   00000010  00000010  00000000  RWIX
  I2CA                  00007900   00000040  00000022  0000001e  RWIX
  RAML2                 00008c00   00000400  00000000  00000400  RWIX
  RAML3                 00009000   00001000  00000000  00001000  RWIX
  RAML4                 0000a000   00002000  00000779  00001887  RWIX
  RAML5                 0000c000   00002000  00000000  00002000  RWIX
  RAML6                 0000e000   00002000  00000000  00002000  RWIX
  RAML7                 00010000   00002000  00000000  00002000  RWIX
  RAML8                 00012000   00002000  00000000  00002000  RWIX
  USB_RAM               00040000   00000800  00000000  00000800  RWIX
  PARTID                003d7e80   00000001  00000001  00000000  RWIX
  FLASHB                003f0000   00004000  00000000  00004000  RWIX
  CSM_PWL               003f7ff8   00000008  00000008  00000000  RWIX


SECTION ALLOCATION MAP

 output                                  attributes/
section   page    origin      length       input sections
--------  ----  ----------  ----------   ----------------
.cinit     0    003f621e    0000006b     
                  003f621e    0000002f     main.obj (.cinit)
                  003f624d    00000011     adc.obj (.cinit)
                  003f625e    0000000e     rts2800_fpu32.lib : exit.c.obj (.cinit)
                  003f626c    0000000d     epwm.obj (.cinit)
                  003f6279    00000005     rts2800_fpu32.lib : _lock.c.obj (.cinit:__lock)
                  003f627e    00000005                       : _lock.c.obj (.cinit:__unlock)
                  003f6283    00000004                       : errno.c.obj (.cinit)
                  003f6287    00000002     --HOLE-- [fill = 0]

.pinit     0    003f4000    00000000     UNINITIALIZED

ramfuncs   0    003e8000    00000190     RUN ADDR = 00008000
                  003e8000    00000171     main.obj (ramfuncs:retain)
                  003e8171    0000001b     F2806x_SysCtrl.obj (ramfuncs)
                  003e818c    00000004     F2806x_usDelay.obj (ramfuncs)

.text      0    003f4000    000018d4     
                  003f4000    00000414     main.obj (.text)
                  003f4414    0000039b     F2806x_DefaultIsr.obj (.text:retain)
                  003f47af    00000278     epwm.obj (.text)
                  003f4a27    00000237     F2806x_Adc.obj (.text)
                  003f4c5e    00000227     oled.obj (.text)
                  003f4e85    00000190     F2806x_SysCtrl.obj (.text)
                  003f5015    00000171     Solar_Lib_Float.lib : SPLL_1ph_SOGI_F.obj (.text)
                  003f5186    000000e6                         : SINEANALYZER_DIFF_F.obj (.text)
                  003f526c    000000d4     F2806x_EPwm.obj (.text)
                  003f5340    000000cf     adc.obj (.text:retain)
                  003f540f    000000b8     adc.obj (.text)
                  003f54c7    00000088     rts2800_fpu32.lib : fs_div28.asm.obj (.text)
                  003f554f    00000076     F2806x_CpuTimers.obj (.text)
                  003f55c5    00000066     rts2800_fpu32.lib : s_sinf.c.obj (.text)
                  003f562b    00000063                       : s_cosf.c.obj (.text)
                  003f568e    00000056                       : boot28.asm.obj (.text)
                  003f56e4    00000050     key.obj (.text)
                  003f5734    00000044     F2806x_Spi.obj (.text)
                  003f5778    0000002a     spi.obj (.text)
                  003f57a2    00000029     rts2800_fpu32.lib : exit.c.obj (.text)
                  003f57cb    00000028     F2806x_PieCtrl.obj (.text)
                  003f57f3    00000001     rts2800_fpu32.lib : startup.c.obj (.text)
                  003f57f4    00000027                       : e_sqrtf.c.obj (.text)
                  003f581b    00000026     F2806x_PieVect.obj (.text)
                  003f5841    00000024     rts2800_fpu32.lib : cpy_tbl.c.obj (.text)
                  003f5865    00000022                       : i_div28.asm.obj (.text)
                  003f5887    0000001d                       : memcpy.c.obj (.text)
                  003f58a4    00000012                       : args_main.c.obj (.text)
                  003f58b6    0000000b                       : u_div28.asm.obj (.text)
                  003f58c1    00000009                       : _lock.c.obj (.text)
                  003f58ca    00000008     F2806x_CodeStartBranch.obj (.text)
                  003f58d2    00000002     rts2800_fpu32.lib : pre_init.c.obj (.text)

codestart 
*          0    003f7ff6    00000002     
                  003f7ff6    00000002     F2806x_CodeStartBranch.obj (codestart)

.stack     1    00000050    00000300     UNINITIALIZED
                  00000050    00000300     --HOLE--

.ebss      1    0000a000    00000779     UNINITIALIZED
                  0000a000    000003e8     adc.obj (.ebss:_current_graph)
                  0000a3e8    00000018     F2806x_CpuTimers.obj (.ebss)
                  0000a400    00000258     adc.obj (.ebss:_voltage_graph)
                  0000a658    0000001a     adc.obj (.ebss)
                  0000a672    0000000a     adc.obj (.ebss:_Voltage1)
                  0000a67c    00000004     epwm.obj (.ebss)
                  0000a680    000000c6     main.obj (.ebss)
                  0000a746    0000000a     adc.obj (.ebss:_Voltage2)
                  0000a750    0000000a     adc.obj (.ebss:_Voltage3)
                  0000a75a    0000000a     adc.obj (.ebss:_Voltage4)
                  0000a764    0000000a     main.obj (.ebss:_str)
                  0000a76e    00000006     rts2800_fpu32.lib : exit.c.obj (.ebss)
                  0000a774    00000002                       : _lock.c.obj (.ebss:__lock)
                  0000a776    00000002                       : _lock.c.obj (.ebss:__unlock)
                  0000a778    00000001                       : errno.c.obj (.ebss)

.econst    0    003f58d4    0000094a     
                  003f58d4    000005f0     oled.obj (.econst:.string:_F8X16)
                  003f5ec4    00000228     oled.obj (.econst:_asc2_0806)
                  003f60ec    00000100     F2806x_PieVect.obj (.econst:_PieVectTableInit)
                  003f61ec    00000032     main.obj (.econst:.string)

.reset     0    003fffc0    00000002     DSECT
                  003fffc0    00000002     rts2800_fpu32.lib : boot28.asm.obj (.reset)

vectors    0    003fffc2    00000000     DSECT

DevEmuRegsFile 
*          1    00000880    00000004     UNINITIALIZED
                  00000880    00000004     F2806x_GlobalVariableDefs.obj (DevEmuRegsFile)

SysPwrCtrlRegsFile 
*          1    00000985    00000003     UNINITIALIZED
                  00000985    00000003     F2806x_GlobalVariableDefs.obj (SysPwrCtrlRegsFile)

FlashRegsFile 
*          1    00000a80    00000008     UNINITIALIZED
                  00000a80    00000008     F2806x_GlobalVariableDefs.obj (FlashRegsFile)

CsmRegsFile 
*          1    00000ae0    00000010     UNINITIALIZED
                  00000ae0    00000010     F2806x_GlobalVariableDefs.obj (CsmRegsFile)

AdcResultFile 
*          1    00000b00    00000010     UNINITIALIZED
                  00000b00    00000010     F2806x_GlobalVariableDefs.obj (AdcResultFile)

CpuTimer0RegsFile 
*          1    00000c00    00000008     UNINITIALIZED
                  00000c00    00000008     F2806x_GlobalVariableDefs.obj (CpuTimer0RegsFile)

CpuTimer1RegsFile 
*          1    00000c08    00000008     UNINITIALIZED
                  00000c08    00000008     F2806x_GlobalVariableDefs.obj (CpuTimer1RegsFile)

CpuTimer2RegsFile 
*          1    00000c10    00000008     UNINITIALIZED
                  00000c10    00000008     F2806x_GlobalVariableDefs.obj (CpuTimer2RegsFile)

PieCtrlRegsFile 
*          1    00000ce0    0000001a     UNINITIALIZED
                  00000ce0    0000001a     F2806x_GlobalVariableDefs.obj (PieCtrlRegsFile)

PieVectTableFile 
*          1    00000d00    00000100     UNINITIALIZED
                  00000d00    00000100     F2806x_GlobalVariableDefs.obj (PieVectTableFile)

EmuKeyVar 
*          1    00000d00    00000001     UNINITIALIZED
                  00000d00    00000001     F2806x_GlobalVariableDefs.obj (EmuKeyVar)

EmuBModeVar 
*          1    00000d01    00000001     UNINITIALIZED
                  00000d01    00000001     F2806x_GlobalVariableDefs.obj (EmuBModeVar)

FlashCallbackVar 
*          1    00000d02    00000002     UNINITIALIZED
                  00000d02    00000002     F2806x_GlobalVariableDefs.obj (FlashCallbackVar)

FlashScalingVar 
*          1    00000d04    00000002     UNINITIALIZED
                  00000d04    00000002     F2806x_GlobalVariableDefs.obj (FlashScalingVar)

DmaRegsFile 
*          1    00001000    000000e0     UNINITIALIZED
                  00001000    000000e0     F2806x_GlobalVariableDefs.obj (DmaRegsFile)

Cla1RegsFile 
*          1    00001400    00000040     UNINITIALIZED
                  00001400    00000040     F2806x_GlobalVariableDefs.obj (Cla1RegsFile)

Usb0RegsFile 
*          1    00004000    00000454     UNINITIALIZED
                  00004000    00000454     F2806x_GlobalVariableDefs.obj (Usb0RegsFile)

McbspaRegsFile 
*          1    00005000    00000024     UNINITIALIZED
                  00005000    00000024     F2806x_GlobalVariableDefs.obj (McbspaRegsFile)

ECanaRegsFile 
*          1    00006000    00000034     UNINITIALIZED
                  00006000    00000034     F2806x_GlobalVariableDefs.obj (ECanaRegsFile)

ECanaLAMRegsFile 
*          1    00006040    00000040     UNINITIALIZED
                  00006040    00000040     F2806x_GlobalVariableDefs.obj (ECanaLAMRegsFile)

ECanaMOTSRegsFile 
*          1    00006080    00000040     UNINITIALIZED
                  00006080    00000040     F2806x_GlobalVariableDefs.obj (ECanaMOTSRegsFile)

ECanaMOTORegsFile 
*          1    000060c0    00000040     UNINITIALIZED
                  000060c0    00000040     F2806x_GlobalVariableDefs.obj (ECanaMOTORegsFile)

ECanaMboxesFile 
*          1    00006100    00000100     UNINITIALIZED
                  00006100    00000100     F2806x_GlobalVariableDefs.obj (ECanaMboxesFile)

Comp1RegsFile 
*          1    00006400    00000014     UNINITIALIZED
                  00006400    00000014     F2806x_GlobalVariableDefs.obj (Comp1RegsFile)

Comp2RegsFile 
*          1    00006420    00000014     UNINITIALIZED
                  00006420    00000014     F2806x_GlobalVariableDefs.obj (Comp2RegsFile)

Comp3RegsFile 
*          1    00006440    00000014     UNINITIALIZED
                  00006440    00000014     F2806x_GlobalVariableDefs.obj (Comp3RegsFile)

EPwm1RegsFile 
*          1    00006800    00000040     UNINITIALIZED
                  00006800    00000040     F2806x_GlobalVariableDefs.obj (EPwm1RegsFile)

EPwm2RegsFile 
*          1    00006840    00000040     UNINITIALIZED
                  00006840    00000040     F2806x_GlobalVariableDefs.obj (EPwm2RegsFile)

EPwm3RegsFile 
*          1    00006880    00000040     UNINITIALIZED
                  00006880    00000040     F2806x_GlobalVariableDefs.obj (EPwm3RegsFile)

EPwm4RegsFile 
*          1    000068c0    00000040     UNINITIALIZED
                  000068c0    00000040     F2806x_GlobalVariableDefs.obj (EPwm4RegsFile)

EPwm5RegsFile 
*          1    00006900    00000040     UNINITIALIZED
                  00006900    00000040     F2806x_GlobalVariableDefs.obj (EPwm5RegsFile)

EPwm6RegsFile 
*          1    00006940    00000040     UNINITIALIZED
                  00006940    00000040     F2806x_GlobalVariableDefs.obj (EPwm6RegsFile)

EPwm7RegsFile 
*          1    00006980    00000040     UNINITIALIZED
                  00006980    00000040     F2806x_GlobalVariableDefs.obj (EPwm7RegsFile)

EPwm8RegsFile 
*          1    000069c0    00000040     UNINITIALIZED
                  000069c0    00000040     F2806x_GlobalVariableDefs.obj (EPwm8RegsFile)

ECap1RegsFile 
*          1    00006a00    00000020     UNINITIALIZED
                  00006a00    00000020     F2806x_GlobalVariableDefs.obj (ECap1RegsFile)

ECap2RegsFile 
*          1    00006a20    00000020     UNINITIALIZED
                  00006a20    00000020     F2806x_GlobalVariableDefs.obj (ECap2RegsFile)

ECap3RegsFile 
*          1    00006a40    00000020     UNINITIALIZED
                  00006a40    00000020     F2806x_GlobalVariableDefs.obj (ECap3RegsFile)

HRCap1RegsFile 
*          1    00006ac0    00000020     UNINITIALIZED
                  00006ac0    00000020     F2806x_GlobalVariableDefs.obj (HRCap1RegsFile)

HRCap2RegsFile 
*          1    00006ae0    00000020     UNINITIALIZED
                  00006ae0    00000020     F2806x_GlobalVariableDefs.obj (HRCap2RegsFile)

EQep1RegsFile 
*          1    00006b00    00000022     UNINITIALIZED
                  00006b00    00000022     F2806x_GlobalVariableDefs.obj (EQep1RegsFile)

EQep2RegsFile 
*          1    00006b40    00000022     UNINITIALIZED
                  00006b40    00000022     F2806x_GlobalVariableDefs.obj (EQep2RegsFile)

HRCap3RegsFile 
*          1    00006c80    00000020     UNINITIALIZED
                  00006c80    00000020     F2806x_GlobalVariableDefs.obj (HRCap3RegsFile)

HRCap4RegsFile 
*          1    00006ca0    00000020     UNINITIALIZED
                  00006ca0    00000020     F2806x_GlobalVariableDefs.obj (HRCap4RegsFile)

GpioCtrlRegsFile 
*          1    00006f80    00000040     UNINITIALIZED
                  00006f80    00000040     F2806x_GlobalVariableDefs.obj (GpioCtrlRegsFile)

GpioDataRegsFile 
*          1    00006fc0    00000020     UNINITIALIZED
                  00006fc0    00000020     F2806x_GlobalVariableDefs.obj (GpioDataRegsFile)

GpioIntRegsFile 
*          1    00006fe0    00000020     UNINITIALIZED
                  00006fe0    00000020     F2806x_GlobalVariableDefs.obj (GpioIntRegsFile)

SysCtrlRegsFile 
*          1    00007010    00000030     UNINITIALIZED
                  00007010    00000030     F2806x_GlobalVariableDefs.obj (SysCtrlRegsFile)

SpiaRegsFile 
*          1    00007040    00000010     UNINITIALIZED
                  00007040    00000010     F2806x_GlobalVariableDefs.obj (SpiaRegsFile)

SciaRegsFile 
*          1    00007050    00000010     UNINITIALIZED
                  00007050    00000010     F2806x_GlobalVariableDefs.obj (SciaRegsFile)

NmiIntruptRegsFile 
*          1    00007060    00000010     UNINITIALIZED
                  00007060    00000010     F2806x_GlobalVariableDefs.obj (NmiIntruptRegsFile)

XIntruptRegsFile 
*          1    00007070    00000010     UNINITIALIZED
                  00007070    00000010     F2806x_GlobalVariableDefs.obj (XIntruptRegsFile)

AdcRegsFile 
*          1    00007100    00000050     UNINITIALIZED
                  00007100    00000050     F2806x_GlobalVariableDefs.obj (AdcRegsFile)

SpibRegsFile 
*          1    00007740    00000010     UNINITIALIZED
                  00007740    00000010     F2806x_GlobalVariableDefs.obj (SpibRegsFile)

ScibRegsFile 
*          1    00007750    00000010     UNINITIALIZED
                  00007750    00000010     F2806x_GlobalVariableDefs.obj (ScibRegsFile)

I2caRegsFile 
*          1    00007900    00000022     UNINITIALIZED
                  00007900    00000022     F2806x_GlobalVariableDefs.obj (I2caRegsFile)

PartIdRegsFile 
*          1    003d7e80    00000001     UNINITIALIZED
                  003d7e80    00000001     F2806x_GlobalVariableDefs.obj (PartIdRegsFile)

CsmPwlFile 
*          1    003f7ff8    00000008     UNINITIALIZED
                  003f7ff8    00000008     F2806x_GlobalVariableDefs.obj (CsmPwlFile)

MODULE SUMMARY

       Module                          code   initialized data   uninitialized data
       ------                          ----   ----------------   ------------------
    ./app/adc/
       adc.obj                         391    17                 1666              
    +--+-------------------------------+------+------------------+--------------------+
       Total:                          391    17                 1666              
                                                                                   
    ./app/epwm/
       epwm.obj                        632    13                 4                 
    +--+-------------------------------+------+------------------+--------------------+
       Total:                          632    13                 4                 
                                                                                   
    ./app/key/
       key.obj                         80     0                  0                 
    +--+-------------------------------+------+------------------+--------------------+
       Total:                          80     0                  0                 
                                                                                   
    ./app/oled/
       oled.obj                        551    2072               0                 
    +--+-------------------------------+------+------------------+--------------------+
       Total:                          551    2072               0                 
                                                                                   
    ./app/spi/
       spi.obj                         42     0                  0                 
    +--+-------------------------------+------+------------------+--------------------+
       Total:                          42     0                  0                 
                                                                                   
    ./f2806x_libraries/
       F2806x_GlobalVariableDefs.obj   0      0                  3550              
       F2806x_DefaultIsr.obj           923    0                  0                 
       F2806x_Adc.obj                  567    0                  0                 
       F2806x_SysCtrl.obj              454    0                  0                 
       F2806x_PieVect.obj              38     256                0                 
       F2806x_EPwm.obj                 212    0                  0                 
       F2806x_CpuTimers.obj            118    0                  24                
       F2806x_Spi.obj                  68     0                  0                 
       F2806x_PieCtrl.obj              40     0                  0                 
       F2806x_CodeStartBranch.obj      10     0                  0                 
       F2806x_usDelay.obj              8      0                  0                 
    +--+-------------------------------+------+------------------+--------------------+
       Total:                          2438   256                3574              
                                                                                   
    ./user/
       main.obj                        1782   97                 208               
    +--+-------------------------------+------+------------------+--------------------+
       Total:                          1782   97                 208               
                                                                                   
    /Applications/ti/solar/v1.2/float/lib/Solar_Lib_Float.lib
       SPLL_1ph_SOGI_F.obj             369    0                  0                 
       SINEANALYZER_DIFF_F.obj         230    0                  0                 
    +--+-------------------------------+------+------------------+--------------------+
       Total:                          599    0                  0                 
                                                                                   
    /Applications/ti/ti-cgt-c2000_22.6.1.LTS/lib/rts2800_fpu32.lib
       fs_div28.asm.obj                136    0                  0                 
       s_sinf.c.obj                    102    0                  0                 
       s_cosf.c.obj                    99     0                  0                 
       boot28.asm.obj                  86     0                  0                 
       exit.c.obj                      41     14                 6                 
       e_sqrtf.c.obj                   39     0                  0                 
       cpy_tbl.c.obj                   36     0                  0                 
       i_div28.asm.obj                 34     0                  0                 
       memcpy.c.obj                    29     0                  0                 
       _lock.c.obj                     9      10                 4                 
       args_main.c.obj                 18     0                  0                 
       u_div28.asm.obj                 11     0                  0                 
       errno.c.obj                     0      4                  1                 
       pre_init.c.obj                  2      0                  0                 
       startup.c.obj                   1      0                  0                 
    +--+-------------------------------+------+------------------+--------------------+
       Total:                          643    28                 11                
                                                                                   
       Stack:                          0      0                  768               
    +--+-------------------------------+------+------------------+--------------------+
       Grand Total:                    7158   2483               6231              


GLOBAL DATA SYMBOLS: SORTED BY DATA PAGE

address     data page           name
--------    ----------------    ----
00000050       1 (00000040)     __stack

00000880      22 (00000880)     _DevEmuRegs

00000985      26 (00000980)     _SysPwrCtrlRegs

00000a80      2a (00000a80)     _FlashRegs

00000ae0      2b (00000ac0)     _CsmRegs

00000b00      2c (00000b00)     _AdcResult

00000c00      30 (00000c00)     _CpuTimer0Regs
00000c08      30 (00000c00)     _CpuTimer1Regs
00000c10      30 (00000c00)     _CpuTimer2Regs

00000ce0      33 (00000cc0)     _PieCtrlRegs

00000d00      34 (00000d00)     _EmuKey
00000d00      34 (00000d00)     _PieVectTable
00000d01      34 (00000d00)     _EmuBMode
00000d02      34 (00000d00)     _Flash_CallbackPtr
00000d04      34 (00000d00)     _Flash_CPUScaleFactor

00001000      40 (00001000)     _DmaRegs

00001400      50 (00001400)     _Cla1Regs

00004000     100 (00004000)     _Usb0Regs

00005000     140 (00005000)     _McbspaRegs

00006000     180 (00006000)     _ECanaRegs

00006040     181 (00006040)     _ECanaLAMRegs

00006080     182 (00006080)     _ECanaMOTSRegs

000060c0     183 (000060c0)     _ECanaMOTORegs

00006100     184 (00006100)     _ECanaMboxes

00006400     190 (00006400)     _Comp1Regs
00006420     190 (00006400)     _Comp2Regs

00006440     191 (00006440)     _Comp3Regs

00006800     1a0 (00006800)     _EPwm1Regs

00006840     1a1 (00006840)     _EPwm2Regs

00006880     1a2 (00006880)     _EPwm3Regs

000068c0     1a3 (000068c0)     _EPwm4Regs

00006900     1a4 (00006900)     _EPwm5Regs

00006940     1a5 (00006940)     _EPwm6Regs

00006980     1a6 (00006980)     _EPwm7Regs

000069c0     1a7 (000069c0)     _EPwm8Regs

00006a00     1a8 (00006a00)     _ECap1Regs
00006a20     1a8 (00006a00)     _ECap2Regs

00006a40     1a9 (00006a40)     _ECap3Regs

00006ac0     1ab (00006ac0)     _HRCap1Regs
00006ae0     1ab (00006ac0)     _HRCap2Regs

00006b00     1ac (00006b00)     _EQep1Regs

00006b40     1ad (00006b40)     _EQep2Regs

00006c80     1b2 (00006c80)     _HRCap3Regs
00006ca0     1b2 (00006c80)     _HRCap4Regs

00006f80     1be (00006f80)     _GpioCtrlRegs

00006fc0     1bf (00006fc0)     _GpioDataRegs
00006fe0     1bf (00006fc0)     _GpioIntRegs

00007010     1c0 (00007000)     _SysCtrlRegs

00007040     1c1 (00007040)     _SpiaRegs
00007050     1c1 (00007040)     _SciaRegs
00007060     1c1 (00007040)     _NmiIntruptRegs
00007070     1c1 (00007040)     _XIntruptRegs

00007100     1c4 (00007100)     _AdcRegs

00007740     1dd (00007740)     _SpibRegs
00007750     1dd (00007740)     _ScibRegs

00007900     1e4 (00007900)     _I2caRegs

0000a000     280 (0000a000)     _current_graph

0000a3e8     28f (0000a3c0)     _CpuTimer0
0000a3f0     28f (0000a3c0)     _CpuTimer1
0000a3f8     28f (0000a3c0)     _CpuTimer2

0000a400     290 (0000a400)     _voltage_graph

0000a658     299 (0000a640)     _LoopCount
0000a659     299 (0000a640)     _ConversionCount
0000a65a     299 (0000a640)     _index
0000a65b     299 (0000a640)     _grid_curr_index
0000a65c     299 (0000a640)     _vol_index
0000a65d     299 (0000a640)     _curr_index
0000a65e     299 (0000a640)     _Vol1
0000a660     299 (0000a640)     _grid_voltage
0000a662     299 (0000a640)     _grid_current
0000a664     299 (0000a640)     _grid_inverter_current
0000a666     299 (0000a640)     _grid_inverter_voltage
0000a668     299 (0000a640)     _filtered_current
0000a66a     299 (0000a640)     _filtered_vol3
0000a672     299 (0000a640)     _Voltage1
0000a67c     299 (0000a640)     _sineValue1
0000a67d     299 (0000a640)     _sineValue2
0000a67e     299 (0000a640)     _rectifier_dutycycle

0000a680     29a (0000a680)     _flag
0000a681     29a (0000a680)     _prev_flag
0000a682     29a (0000a680)     _flag_voltage
0000a684     29a (0000a680)     _V_rms
0000a686     29a (0000a680)     _V_rms_ref
0000a688     29a (0000a680)     _V_rms_in
0000a68a     29a (0000a680)     _output
0000a68c     29a (0000a680)     _dutycycle
0000a68e     29a (0000a680)     _normalized_voltage1
0000a690     29a (0000a680)     _normalized_voltage2
0000a692     29a (0000a680)     _ref_current
0000a694     29a (0000a680)     _curr_error
0000a696     29a (0000a680)     _curr_loop_out
0000a698     29a (0000a680)     _V_mod
0000a69a     29a (0000a680)     _compare
0000a69c     29a (0000a680)     _counter
0000a69e     29a (0000a680)     _VoltageLoop

0000a6c0     29b (0000a6c0)     _CurrentLoop
0000a6d2     29b (0000a6c0)     _sineanalyzer_diff1

0000a700     29c (0000a700)     _spll1

0000a746     29d (0000a740)     _Voltage2
0000a750     29d (0000a740)     _Voltage3
0000a75a     29d (0000a740)     _Voltage4
0000a764     29d (0000a740)     _str
0000a76e     29d (0000a740)     ___TI_enable_exit_profile_output
0000a770     29d (0000a740)     ___TI_cleanup_ptr
0000a772     29d (0000a740)     ___TI_dtors_ptr
0000a774     29d (0000a740)     __lock
0000a776     29d (0000a740)     __unlock
0000a778     29d (0000a740)     _errno

003d7e80    f5fa (003d7e80)     _PartIdRegs

003f58d4    fd63 (003f58c0)     _F8X16

003f5ec4    fd7b (003f5ec0)     _asc2_0806

003f60ec    fd83 (003f60c0)     _PieVectTableInit

003f7ff8    fdff (003f7fc0)     _CsmPwl


GLOBAL SYMBOLS: SORTED ALPHABETICALLY BY Name 

page  address   name                            
----  -------   ----                            
0     003f4000  .text                           
0     003f57a2  C$$EXIT                         
0     003f54c7  FS$$DIV                         
0     003f5865  I$$DIV                          
0     003f5876  I$$MOD                          
0     003f58b6  U$$DIV                          
0     003f58bb  U$$MOD                          
0     003f44d2  _ADCINT1_ISR                    
0     003f44dc  _ADCINT2_ISR                    
0     003f46e4  _ADCINT3_ISR                    
0     003f46ee  _ADCINT4_ISR                    
0     003f46f8  _ADCINT5_ISR                    
0     003f4702  _ADCINT6_ISR                    
0     003f470c  _ADCINT7_ISR                    
0     003f4716  _ADCINT8_ISR                    
0     003f44fa  _ADCINT9_ISR                    
0     003f540f  _ADC_Init                       
0     003f4a99  _AdcChanSelect                  
0     003f4b0e  _AdcConversion                  
0     003f4a72  _AdcOffsetSelfCal               
1     00007100  _AdcRegs                        
1     00000b00  _AdcResult                      
0     003f4720  _CLA1_INT1_ISR                  
0     003f472a  _CLA1_INT2_ISR                  
0     003f4734  _CLA1_INT3_ISR                  
0     003f473e  _CLA1_INT4_ISR                  
0     003f4748  _CLA1_INT5_ISR                  
0     003f4752  _CLA1_INT6_ISR                  
0     003f475c  _CLA1_INT7_ISR                  
0     003f4766  _CLA1_INT8_ISR                  
1     00001400  _Cla1Regs                       
1     00006400  _Comp1Regs                      
1     00006420  _Comp2Regs                      
1     00006440  _Comp3Regs                      
0     003f558a  _ConfigCpuTimer                 
1     0000a659  _ConversionCount                
1     0000a3e8  _CpuTimer0                      
1     00000c00  _CpuTimer0Regs                  
1     0000a3f0  _CpuTimer1                      
1     00000c08  _CpuTimer1Regs                  
1     0000a3f8  _CpuTimer2                      
1     00000c10  _CpuTimer2Regs                  
1     003f7ff8  _CsmPwl                         
1     00000ae0  _CsmRegs                        
0     003f4f89  _CsmUnlock                      
1     0000a6c0  _CurrentLoop                    
0     003f4428  _DATALOG_ISR                    
0     003f4658  _DINTCH1_ISR                    
0     003f4662  _DINTCH2_ISR                    
0     003f466c  _DINTCH3_ISR                    
0     003f4676  _DINTCH4_ISR                    
0     003f4680  _DINTCH5_ISR                    
0     003f468a  _DINTCH6_ISR                    
0     0000818c  _DSP28x_usDelay                 
1     00000880  _DevEmuRegs                     
0     003f4ea9  _DisableDog                     
1     00001000  _DmaRegs                        
0     003f46d0  _ECAN0INTA_ISR                  
0     003f46da  _ECAN1INTA_ISR                  
0     003f45b8  _ECAP1_INT_ISR                  
0     003f45c2  _ECAP2_INT_ISR                  
0     003f45cc  _ECAP3_INT_ISR                  
1     00006040  _ECanaLAMRegs                   
1     000060c0  _ECanaMOTORegs                  
1     00006080  _ECanaMOTSRegs                  
1     00006100  _ECanaMboxes                    
1     00006000  _ECanaRegs                      
1     00006a00  _ECap1Regs                      
1     00006a20  _ECap2Regs                      
1     00006a40  _ECap3Regs                      
0     003f478e  _EMPTY_ISR                      
0     003f443c  _EMUINT_ISR                     
0     003f4568  _EPWM1_INT_ISR                  
0     003f47af  _EPWM1_Init                     
0     003f4518  _EPWM1_TZINT_ISR                
0     003f4572  _EPWM2_INT_ISR                  
0     003f4807  _EPWM2_Init                     
0     003f4522  _EPWM2_TZINT_ISR                
0     003f457c  _EPWM3_INT_ISR                  
0     003f485d  _EPWM3_Init                     
0     003f452c  _EPWM3_TZINT_ISR                
0     003f4586  _EPWM4_INT_ISR                  
0     003f48b3  _EPWM4_Init                     
0     003f4536  _EPWM4_TZINT_ISR                
0     003f4590  _EPWM5_INT_ISR                  
0     003f4909  _EPWM5_Init                     
0     003f4540  _EPWM5_TZINT_ISR                
0     003f459a  _EPWM6_INT_ISR                  
0     003f493f  _EPWM6_Init                     
0     003f454a  _EPWM6_TZINT_ISR                
0     003f45a4  _EPWM7_INT_ISR                  
0     003f4975  _EPWM7_Init                     
0     003f4554  _EPWM7_TZINT_ISR                
0     003f45ae  _EPWM8_INT_ISR                  
0     003f49ce  _EPWM8_Init                     
0     003f455e  _EPWM8_TZINT_ISR                
1     00006800  _EPwm1Regs                      
1     00006840  _EPwm2Regs                      
1     00006880  _EPwm3Regs                      
1     000068c0  _EPwm4Regs                      
1     00006900  _EPwm5Regs                      
1     00006940  _EPwm6Regs                      
1     00006980  _EPwm7Regs                      
1     000069c0  _EPwm8Regs                      
0     003f45ea  _EQEP1_INT_ISR                  
0     003f45f4  _EQEP2_INT_ISR                  
1     00006b00  _EQep1Regs                      
1     00006b40  _EQep2Regs                      
1     00000d01  _EmuBMode                       
1     00000d00  _EmuKey                         
0     003f57ea  _EnableInterrupts               
0     003f4fff  _ExtOscSel                      
0     003f58d4  _F8X16                          
1     00000a80  _FlashRegs                      
1     00000d04  _Flash_CPUScaleFactor           
1     00000d02  _Flash_CallbackPtr              
1     00006f80  _GpioCtrlRegs                   
1     00006fc0  _GpioDataRegs                   
1     00006fe0  _GpioIntRegs                    
0     003f45d6  _HRCAP1_INT_ISR                 
0     003f45e0  _HRCAP2_INT_ISR                 
0     003f45fe  _HRCAP3_INT_ISR                 
0     003f4608  _HRCAP4_INT_ISR                 
1     00006ac0  _HRCap1Regs                     
1     00006ae0  _HRCap2Regs                     
1     00006c80  _HRCap3Regs                     
1     00006ca0  _HRCap4Regs                     
0     003f4694  _I2CINT1A_ISR                   
0     003f469e  _I2CINT2A_ISR                   
1     00007900  _I2caRegs                       
0     003f4450  _ILLEGAL_ISR                    
0     003f4414  _INT13_ISR                      
0     003f441e  _INT14_ISR                      
0     003f4a27  _InitAdc                        
0     003f4a50  _InitAdcAio                     
0     003f554f  _InitCpuTimers                  
0     003f526c  _InitEPwm                       
0     003f527e  _InitEPwm1Gpio                  
0     003f5290  _InitEPwm2Gpio                  
0     003f52a2  _InitEPwm3Gpio                  
0     003f52b6  _InitEPwm4Gpio                  
0     003f52ca  _InitEPwm5Gpio                  
0     003f52dc  _InitEPwm6Gpio                  
0     003f52ee  _InitEPwm7Gpio                  
0     003f52fe  _InitEPwm8Gpio                  
0     003f526d  _InitEPwmGpio                   
0     003f530e  _InitEPwmSyncGpio               
0     00008171  _InitFlash                      
0     003f4f33  _InitPeripheralClocks           
0     003f57cb  _InitPieCtrl                    
0     003f581b  _InitPieVectTable               
0     003f4eb1  _InitPll                        
0     003f4f05  _InitPll2                       
0     003f5734  _InitSpi                        
0     003f5735  _InitSpiGpio                    
0     003f573a  _InitSpiaGpio                   
0     003f5760  _InitSpibGpio                   
0     003f4e85  _InitSysCtrl                    
0     003f531f  _InitTzGpio                     
0     003f4fba  _IntOsc1Sel                     
0     003f4fca  _IntOsc2Sel                     
0     003f56e4  _KEY_Init                       
0     003f5714  _KEY_Read                       
0     003f41a0  _LED_Init                       
0     003f4784  _LUF_ISR                        
0     003f477a  _LVF_ISR                        
1     0000a658  _LoopCount                      
0     003f4644  _MRINTA_ISR                     
0     003f464e  _MXINTA_ISR                     
1     00005000  _McbspaRegs                     
0     003f4446  _NMI_ISR                        
1     00007060  _NmiIntruptRegs                 
0     003f4cde  _OLED_Clear                     
0     003f4cd1  _OLED_Display_Off               
0     003f4cc4  _OLED_Display_On                
0     003f4d02  _OLED_Fill                      
0     003f4c5e  _OLED_Gpio_Init                 
0     003f4df1  _OLED_Init                      
0     003f4cad  _OLED_Set_Pos                   
0     003f4d26  _OLED_ShowChar                  
0     003f4d95  _OLED_ShowNum                   
0     003f4dd5  _OLED_ShowString                
0     003f429a  _OLED_Update                    
0     003f4c86  _OLED_WriteByte                 
0     003f41e1  _PID_Calc                       
0     003f41b0  _PID_Init                       
0     003f479b  _PIE_RESERVED                   
1     003d7e80  _PartIdRegs                     
1     00000ce0  _PieCtrlRegs                    
1     00000d00  _PieVectTable                   
0     003f60ec  _PieVectTableInit               
0     003f4432  _RTOSINT_ISR                    
0     003e8190  _RamfuncsLoadEnd                
abs   00000190  _RamfuncsLoadSize               
0     003e8000  _RamfuncsLoadStart              
0     00008000  _RamfuncsRunStart               
0     003f46a8  _SCIRXINTA_ISR                  
0     003f46bc  _SCIRXINTB_ISR                  
0     003f46b2  _SCITXINTA_ISR                  
0     003f46c6  _SCITXINTB_ISR                  
0     003f51ba  _SINEANALYZER_DIFF_F_FUNC       
0     003f5186  _SINEANALYZER_DIFF_F_init       
0     003f5778  _SPIB_Init                      
0     003f579b  _SPIB_SendData                  
0     003f5792  _SPIB_SendReciveData            
0     003f461c  _SPIRXINTA_ISR                  
0     003f4630  _SPIRXINTB_ISR                  
0     003f4626  _SPITXINTA_ISR                  
0     003f463a  _SPITXINTB_ISR                  
0     003f50c6  _SPLL_1ph_SOGI_F_FUNC           
0     003f5070  _SPLL_1ph_SOGI_F_coeff_update   
0     003f5015  _SPLL_1ph_SOGI_F_init           
1     00007050  _SciaRegs                       
1     00007750  _ScibRegs                       
0     003f4e9f  _ServiceDog                     
1     00007040  _SpiaRegs                       
1     00007740  _SpibRegs                       
1     00007010  _SysCtrlRegs                    
1     00000985  _SysPwrCtrlRegs                 
0     003f4504  _TINT0_ISR                      
0     003f4612  _USB0_INT_ISR                   
0     003f44b4  _USER10_ISR                     
0     003f44be  _USER11_ISR                     
0     003f44c8  _USER12_ISR                     
0     003f445a  _USER1_ISR                      
0     003f4464  _USER2_ISR                      
0     003f446e  _USER3_ISR                      
0     003f4478  _USER4_ISR                      
0     003f4482  _USER5_ISR                      
0     003f448c  _USER6_ISR                      
0     003f4496  _USER7_ISR                      
0     003f44a0  _USER8_ISR                      
0     003f44aa  _USER9_ISR                      
1     00004000  _Usb0Regs                       
1     0000a698  _V_mod                          
1     0000a684  _V_rms                          
1     0000a688  _V_rms_in                       
1     0000a686  _V_rms_ref                      
1     0000a65e  _Vol1                           
1     0000a672  _Voltage1                       
1     0000a746  _Voltage2                       
1     0000a750  _Voltage3                       
1     0000a75a  _Voltage4                       
1     0000a69e  _VoltageLoop                    
0     003f450e  _WAKEINT_ISR                    
0     003f44e6  _XINT1_ISR                      
0     003f44f0  _XINT2_ISR                      
0     003f4770  _XINT3_ISR                      
1     00007070  _XIntruptRegs                   
0     003f4fe4  _XtalOscSel                     
1     00000350  __STACK_END                     
abs   00000300  __STACK_SIZE                    
1     0000a770  ___TI_cleanup_ptr               
1     0000a772  ___TI_dtors_ptr                 
1     0000a76e  ___TI_enable_exit_profile_output
abs   ffffffff  ___TI_pprof_out_hndl            
abs   ffffffff  ___TI_prof_data_size            
abs   ffffffff  ___TI_prof_data_start           
abs   ffffffff  ___binit__                      
abs   ffffffff  ___c_args__                     
0     003f621e  ___cinit__                      
0     003f58d4  ___etext__                      
abs   ffffffff  ___pinit__                      
0     003f4000  ___text__                       
0     003f58a4  __args_main                     
1     0000a774  __lock                          
0     003f58c9  __nop                           
0     003f58c5  __register_lock                 
0     003f58c1  __register_unlock               
1     00000050  __stack                         
0     003f57f3  __system_post_cinit             
0     003f58d2  __system_pre_init               
1     0000a776  __unlock                        
0     003f57a2  _abort                          
0     003f5340  _adc_isr                        
0     003f5ec4  _asc2_0806                      
0     003f568e  _c_int00                        
1     0000a69a  _compare                        
0     003f5841  _copy_in                        
0     003f562b  _cos                            
0     003f562b  _cosf                           
1     0000a69c  _counter                        
0     00008000  _cpu_timer1_isr                 
0     000080a3  _cpu_timer2_isr                 
1     0000a694  _curr_error                     
1     0000a65d  _curr_index                     
1     0000a696  _curr_loop_out                  
1     0000a000  _current_graph                  
1     0000a68c  _dutycycle                      
1     0000a778  _errno                          
0     003f57a4  _exit                           
1     0000a668  _filtered_current               
1     0000a66a  _filtered_vol3                  
1     0000a680  _flag                           
1     0000a682  _flag_voltage                   
0     003f4308  _ftoa                           
1     0000a65b  _grid_curr_index                
1     0000a662  _grid_current                   
1     0000a664  _grid_inverter_current          
1     0000a666  _grid_inverter_voltage          
1     0000a660  _grid_voltage                   
1     0000a65a  _index                          
0     003f43ae  _itoa                           
0     003f5474  _kalmanFilter_Init              
0     003f548e  _kalman_filter                  
0     003f4000  _main                           
0     003f5887  _memcpy                         
1     0000a68e  _normalized_voltage1            
1     0000a690  _normalized_voltage2            
0     003f4d83  _oled_pow                       
1     0000a68a  _output                         
1     0000a681  _prev_flag                      
1     0000a67e  _rectifier_dutycycle            
1     0000a692  _ref_current                    
0     003f47a5  _rsvd_ISR                       
0     003f55c5  _sin                            
1     0000a67c  _sineValue1                     
1     0000a67d  _sineValue2                     
1     0000a6d2  _sineanalyzer_diff1             
0     003f55c5  _sinf                           
1     0000a700  _spll1                          
0     003f57f4  _sqrt                           
0     003f57f4  _sqrtf                          
1     0000a764  _str                            
1     0000a65c  _vol_index                      
1     0000a400  _voltage_graph                  
abs   ffffffff  binit                           
0     003f621e  cinit                           
0     003f7ff6  code_start                      
0     003f58d4  etext                           
abs   ffffffff  pinit                           


GLOBAL SYMBOLS: SORTED BY Symbol Address 

page  address   name                            
----  -------   ----                            
0     00008000  _RamfuncsRunStart               
0     00008000  _cpu_timer1_isr                 
0     000080a3  _cpu_timer2_isr                 
0     00008171  _InitFlash                      
0     0000818c  _DSP28x_usDelay                 
0     003e8000  _RamfuncsLoadStart              
0     003e8190  _RamfuncsLoadEnd                
0     003f4000  .text                           
0     003f4000  ___text__                       
0     003f4000  _main                           
0     003f41a0  _LED_Init                       
0     003f41b0  _PID_Init                       
0     003f41e1  _PID_Calc                       
0     003f429a  _OLED_Update                    
0     003f4308  _ftoa                           
0     003f43ae  _itoa                           
0     003f4414  _INT13_ISR                      
0     003f441e  _INT14_ISR                      
0     003f4428  _DATALOG_ISR                    
0     003f4432  _RTOSINT_ISR                    
0     003f443c  _EMUINT_ISR                     
0     003f4446  _NMI_ISR                        
0     003f4450  _ILLEGAL_ISR                    
0     003f445a  _USER1_ISR                      
0     003f4464  _USER2_ISR                      
0     003f446e  _USER3_ISR                      
0     003f4478  _USER4_ISR                      
0     003f4482  _USER5_ISR                      
0     003f448c  _USER6_ISR                      
0     003f4496  _USER7_ISR                      
0     003f44a0  _USER8_ISR                      
0     003f44aa  _USER9_ISR                      
0     003f44b4  _USER10_ISR                     
0     003f44be  _USER11_ISR                     
0     003f44c8  _USER12_ISR                     
0     003f44d2  _ADCINT1_ISR                    
0     003f44dc  _ADCINT2_ISR                    
0     003f44e6  _XINT1_ISR                      
0     003f44f0  _XINT2_ISR                      
0     003f44fa  _ADCINT9_ISR                    
0     003f4504  _TINT0_ISR                      
0     003f450e  _WAKEINT_ISR                    
0     003f4518  _EPWM1_TZINT_ISR                
0     003f4522  _EPWM2_TZINT_ISR                
0     003f452c  _EPWM3_TZINT_ISR                
0     003f4536  _EPWM4_TZINT_ISR                
0     003f4540  _EPWM5_TZINT_ISR                
0     003f454a  _EPWM6_TZINT_ISR                
0     003f4554  _EPWM7_TZINT_ISR                
0     003f455e  _EPWM8_TZINT_ISR                
0     003f4568  _EPWM1_INT_ISR                  
0     003f4572  _EPWM2_INT_ISR                  
0     003f457c  _EPWM3_INT_ISR                  
0     003f4586  _EPWM4_INT_ISR                  
0     003f4590  _EPWM5_INT_ISR                  
0     003f459a  _EPWM6_INT_ISR                  
0     003f45a4  _EPWM7_INT_ISR                  
0     003f45ae  _EPWM8_INT_ISR                  
0     003f45b8  _ECAP1_INT_ISR                  
0     003f45c2  _ECAP2_INT_ISR                  
0     003f45cc  _ECAP3_INT_ISR                  
0     003f45d6  _HRCAP1_INT_ISR                 
0     003f45e0  _HRCAP2_INT_ISR                 
0     003f45ea  _EQEP1_INT_ISR                  
0     003f45f4  _EQEP2_INT_ISR                  
0     003f45fe  _HRCAP3_INT_ISR                 
0     003f4608  _HRCAP4_INT_ISR                 
0     003f4612  _USB0_INT_ISR                   
0     003f461c  _SPIRXINTA_ISR                  
0     003f4626  _SPITXINTA_ISR                  
0     003f4630  _SPIRXINTB_ISR                  
0     003f463a  _SPITXINTB_ISR                  
0     003f4644  _MRINTA_ISR                     
0     003f464e  _MXINTA_ISR                     
0     003f4658  _DINTCH1_ISR                    
0     003f4662  _DINTCH2_ISR                    
0     003f466c  _DINTCH3_ISR                    
0     003f4676  _DINTCH4_ISR                    
0     003f4680  _DINTCH5_ISR                    
0     003f468a  _DINTCH6_ISR                    
0     003f4694  _I2CINT1A_ISR                   
0     003f469e  _I2CINT2A_ISR                   
0     003f46a8  _SCIRXINTA_ISR                  
0     003f46b2  _SCITXINTA_ISR                  
0     003f46bc  _SCIRXINTB_ISR                  
0     003f46c6  _SCITXINTB_ISR                  
0     003f46d0  _ECAN0INTA_ISR                  
0     003f46da  _ECAN1INTA_ISR                  
0     003f46e4  _ADCINT3_ISR                    
0     003f46ee  _ADCINT4_ISR                    
0     003f46f8  _ADCINT5_ISR                    
0     003f4702  _ADCINT6_ISR                    
0     003f470c  _ADCINT7_ISR                    
0     003f4716  _ADCINT8_ISR                    
0     003f4720  _CLA1_INT1_ISR                  
0     003f472a  _CLA1_INT2_ISR                  
0     003f4734  _CLA1_INT3_ISR                  
0     003f473e  _CLA1_INT4_ISR                  
0     003f4748  _CLA1_INT5_ISR                  
0     003f4752  _CLA1_INT6_ISR                  
0     003f475c  _CLA1_INT7_ISR                  
0     003f4766  _CLA1_INT8_ISR                  
0     003f4770  _XINT3_ISR                      
0     003f477a  _LVF_ISR                        
0     003f4784  _LUF_ISR                        
0     003f478e  _EMPTY_ISR                      
0     003f479b  _PIE_RESERVED                   
0     003f47a5  _rsvd_ISR                       
0     003f47af  _EPWM1_Init                     
0     003f4807  _EPWM2_Init                     
0     003f485d  _EPWM3_Init                     
0     003f48b3  _EPWM4_Init                     
0     003f4909  _EPWM5_Init                     
0     003f493f  _EPWM6_Init                     
0     003f4975  _EPWM7_Init                     
0     003f49ce  _EPWM8_Init                     
0     003f4a27  _InitAdc                        
0     003f4a50  _InitAdcAio                     
0     003f4a72  _AdcOffsetSelfCal               
0     003f4a99  _AdcChanSelect                  
0     003f4b0e  _AdcConversion                  
0     003f4c5e  _OLED_Gpio_Init                 
0     003f4c86  _OLED_WriteByte                 
0     003f4cad  _OLED_Set_Pos                   
0     003f4cc4  _OLED_Display_On                
0     003f4cd1  _OLED_Display_Off               
0     003f4cde  _OLED_Clear                     
0     003f4d02  _OLED_Fill                      
0     003f4d26  _OLED_ShowChar                  
0     003f4d83  _oled_pow                       
0     003f4d95  _OLED_ShowNum                   
0     003f4dd5  _OLED_ShowString                
0     003f4df1  _OLED_Init                      
0     003f4e85  _InitSysCtrl                    
0     003f4e9f  _ServiceDog                     
0     003f4ea9  _DisableDog                     
0     003f4eb1  _InitPll                        
0     003f4f05  _InitPll2                       
0     003f4f33  _InitPeripheralClocks           
0     003f4f89  _CsmUnlock                      
0     003f4fba  _IntOsc1Sel                     
0     003f4fca  _IntOsc2Sel                     
0     003f4fe4  _XtalOscSel                     
0     003f4fff  _ExtOscSel                      
0     003f5015  _SPLL_1ph_SOGI_F_init           
0     003f5070  _SPLL_1ph_SOGI_F_coeff_update   
0     003f50c6  _SPLL_1ph_SOGI_F_FUNC           
0     003f5186  _SINEANALYZER_DIFF_F_init       
0     003f51ba  _SINEANALYZER_DIFF_F_FUNC       
0     003f526c  _InitEPwm                       
0     003f526d  _InitEPwmGpio                   
0     003f527e  _InitEPwm1Gpio                  
0     003f5290  _InitEPwm2Gpio                  
0     003f52a2  _InitEPwm3Gpio                  
0     003f52b6  _InitEPwm4Gpio                  
0     003f52ca  _InitEPwm5Gpio                  
0     003f52dc  _InitEPwm6Gpio                  
0     003f52ee  _InitEPwm7Gpio                  
0     003f52fe  _InitEPwm8Gpio                  
0     003f530e  _InitEPwmSyncGpio               
0     003f531f  _InitTzGpio                     
0     003f5340  _adc_isr                        
0     003f540f  _ADC_Init                       
0     003f5474  _kalmanFilter_Init              
0     003f548e  _kalman_filter                  
0     003f54c7  FS$$DIV                         
0     003f554f  _InitCpuTimers                  
0     003f558a  _ConfigCpuTimer                 
0     003f55c5  _sin                            
0     003f55c5  _sinf                           
0     003f562b  _cos                            
0     003f562b  _cosf                           
0     003f568e  _c_int00                        
0     003f56e4  _KEY_Init                       
0     003f5714  _KEY_Read                       
0     003f5734  _InitSpi                        
0     003f5735  _InitSpiGpio                    
0     003f573a  _InitSpiaGpio                   
0     003f5760  _InitSpibGpio                   
0     003f5778  _SPIB_Init                      
0     003f5792  _SPIB_SendReciveData            
0     003f579b  _SPIB_SendData                  
0     003f57a2  C$$EXIT                         
0     003f57a2  _abort                          
0     003f57a4  _exit                           
0     003f57cb  _InitPieCtrl                    
0     003f57ea  _EnableInterrupts               
0     003f57f3  __system_post_cinit             
0     003f57f4  _sqrt                           
0     003f57f4  _sqrtf                          
0     003f581b  _InitPieVectTable               
0     003f5841  _copy_in                        
0     003f5865  I$$DIV                          
0     003f5876  I$$MOD                          
0     003f5887  _memcpy                         
0     003f58a4  __args_main                     
0     003f58b6  U$$DIV                          
0     003f58bb  U$$MOD                          
0     003f58c1  __register_unlock               
0     003f58c5  __register_lock                 
0     003f58c9  __nop                           
0     003f58d2  __system_pre_init               
0     003f58d4  _F8X16                          
0     003f58d4  ___etext__                      
0     003f58d4  etext                           
0     003f5ec4  _asc2_0806                      
0     003f60ec  _PieVectTableInit               
0     003f621e  ___cinit__                      
0     003f621e  cinit                           
0     003f7ff6  code_start                      
1     00000050  __stack                         
1     00000350  __STACK_END                     
1     00000880  _DevEmuRegs                     
1     00000985  _SysPwrCtrlRegs                 
1     00000a80  _FlashRegs                      
1     00000ae0  _CsmRegs                        
1     00000b00  _AdcResult                      
1     00000c00  _CpuTimer0Regs                  
1     00000c08  _CpuTimer1Regs                  
1     00000c10  _CpuTimer2Regs                  
1     00000ce0  _PieCtrlRegs                    
1     00000d00  _EmuKey                         
1     00000d00  _PieVectTable                   
1     00000d01  _EmuBMode                       
1     00000d02  _Flash_CallbackPtr              
1     00000d04  _Flash_CPUScaleFactor           
1     00001000  _DmaRegs                        
1     00001400  _Cla1Regs                       
1     00004000  _Usb0Regs                       
1     00005000  _McbspaRegs                     
1     00006000  _ECanaRegs                      
1     00006040  _ECanaLAMRegs                   
1     00006080  _ECanaMOTSRegs                  
1     000060c0  _ECanaMOTORegs                  
1     00006100  _ECanaMboxes                    
1     00006400  _Comp1Regs                      
1     00006420  _Comp2Regs                      
1     00006440  _Comp3Regs                      
1     00006800  _EPwm1Regs                      
1     00006840  _EPwm2Regs                      
1     00006880  _EPwm3Regs                      
1     000068c0  _EPwm4Regs                      
1     00006900  _EPwm5Regs                      
1     00006940  _EPwm6Regs                      
1     00006980  _EPwm7Regs                      
1     000069c0  _EPwm8Regs                      
1     00006a00  _ECap1Regs                      
1     00006a20  _ECap2Regs                      
1     00006a40  _ECap3Regs                      
1     00006ac0  _HRCap1Regs                     
1     00006ae0  _HRCap2Regs                     
1     00006b00  _EQep1Regs                      
1     00006b40  _EQep2Regs                      
1     00006c80  _HRCap3Regs                     
1     00006ca0  _HRCap4Regs                     
1     00006f80  _GpioCtrlRegs                   
1     00006fc0  _GpioDataRegs                   
1     00006fe0  _GpioIntRegs                    
1     00007010  _SysCtrlRegs                    
1     00007040  _SpiaRegs                       
1     00007050  _SciaRegs                       
1     00007060  _NmiIntruptRegs                 
1     00007070  _XIntruptRegs                   
1     00007100  _AdcRegs                        
1     00007740  _SpibRegs                       
1     00007750  _ScibRegs                       
1     00007900  _I2caRegs                       
1     0000a000  _current_graph                  
1     0000a3e8  _CpuTimer0                      
1     0000a3f0  _CpuTimer1                      
1     0000a3f8  _CpuTimer2                      
1     0000a400  _voltage_graph                  
1     0000a658  _LoopCount                      
1     0000a659  _ConversionCount                
1     0000a65a  _index                          
1     0000a65b  _grid_curr_index                
1     0000a65c  _vol_index                      
1     0000a65d  _curr_index                     
1     0000a65e  _Vol1                           
1     0000a660  _grid_voltage                   
1     0000a662  _grid_current                   
1     0000a664  _grid_inverter_current          
1     0000a666  _grid_inverter_voltage          
1     0000a668  _filtered_current               
1     0000a66a  _filtered_vol3                  
1     0000a672  _Voltage1                       
1     0000a67c  _sineValue1                     
1     0000a67d  _sineValue2                     
1     0000a67e  _rectifier_dutycycle            
1     0000a680  _flag                           
1     0000a681  _prev_flag                      
1     0000a682  _flag_voltage                   
1     0000a684  _V_rms                          
1     0000a686  _V_rms_ref                      
1     0000a688  _V_rms_in                       
1     0000a68a  _output                         
1     0000a68c  _dutycycle                      
1     0000a68e  _normalized_voltage1            
1     0000a690  _normalized_voltage2            
1     0000a692  _ref_current                    
1     0000a694  _curr_error                     
1     0000a696  _curr_loop_out                  
1     0000a698  _V_mod                          
1     0000a69a  _compare                        
1     0000a69c  _counter                        
1     0000a69e  _VoltageLoop                    
1     0000a6c0  _CurrentLoop                    
1     0000a6d2  _sineanalyzer_diff1             
1     0000a700  _spll1                          
1     0000a746  _Voltage2                       
1     0000a750  _Voltage3                       
1     0000a75a  _Voltage4                       
1     0000a764  _str                            
1     0000a76e  ___TI_enable_exit_profile_output
1     0000a770  ___TI_cleanup_ptr               
1     0000a772  ___TI_dtors_ptr                 
1     0000a774  __lock                          
1     0000a776  __unlock                        
1     0000a778  _errno                          
1     003d7e80  _PartIdRegs                     
1     003f7ff8  _CsmPwl                         
abs   00000190  _RamfuncsLoadSize               
abs   00000300  __STACK_SIZE                    
abs   ffffffff  ___TI_pprof_out_hndl            
abs   ffffffff  ___TI_prof_data_size            
abs   ffffffff  ___TI_prof_data_start           
abs   ffffffff  ___binit__                      
abs   ffffffff  ___c_args__                     
abs   ffffffff  ___pinit__                      
abs   ffffffff  binit                           
abs   ffffffff  pinit                           

[331 symbols]
